../Drivers/CMSIS/Include/core_cm4.h:2059:26:ITM_SendChar	16	static,ignoring_inline_asm
../Core/Src/main.c:107:5:_write	32	static
../Core/Src/main.c:122:5:main	48	static
../Core/Src/main.c:403:7:SystemClock_Config	88	static
../Core/Src/main.c:448:14:MX_ADC1_Init	56	static
../Core/Src/main.c:512:14:MX_ADC2_Init	40	static
../Core/Src/main.c:568:14:MX_I2C2_Init	8	static
../Core/Src/main.c:613:14:MX_SPI2_Init	8	static
../Core/Src/main.c:651:14:MX_TIM2_Init	64	static
../Core/Src/main.c:705:14:MX_GPIO_Init	40	static
../Core/Src/main.c:748:6:write	32	static
../Core/Src/main.c:763:7:Error_Handler	4	static,ignoring_inline_asm
