../Drivers/CMSIS/Include/core_cm4.h:2059:26:ITM_SendChar	16	static,ignoring_inline_asm
../Core/Src/main.c:105:5:main	32	static
../Core/Src/main.c:271:6:SystemClock_Config	88	static
../Core/Src/main.c:315:13:MX_ADC1_Init	56	static
../Core/Src/main.c:379:13:MX_ADC2_Init	40	static
../Core/Src/main.c:435:13:MX_SPI2_Init	8	static
../Core/Src/main.c:473:13:MX_TIM2_Init	64	static
../Core/Src/main.c:527:13:MX_GPIO_Init	40	static
../Core/Src/main.c:569:5:_write	32	static
../Core/Src/main.c:584:6:Error_Handler	4	static,ignoring_inline_asm
